// Jest Snapshot v1, https://goo.gl/fbAQLP

exports[`VehiclesCardContainer should match the snapshot 1`] = `
ShallowWrapper {
  "length": 1,
  Symbol(enzyme.__root__): [Circular],
  Symbol(enzyme.__unrendered__): <VehiclesCardContainer
    data={
        Object {
            "results": Array [
              "nodejs",
            ],
          }
    }
/>,
  Symbol(enzyme.__renderer__): Object {
    "batchedUpdates": [Function],
    "getNode": [Function],
    "render": [Function],
    "simulateEvent": [Function],
    "unmount": [Function],
  },
  Symbol(enzyme.__node__): Object {
    "instance": null,
    "key": undefined,
    "nodeType": "host",
    "props": Object {
      "children": Array [
        <VehicleCard
          model={undefined}
          name={undefined}
          passengers={undefined}
          toggleFavorites={undefined}
          vehicleClass={undefined}
/>,
      ],
      "className": "card-container",
    },
    "ref": null,
    "rendered": Array [
      Object {
        "instance": null,
        "key": "NaN",
        "nodeType": "function",
        "props": Object {
          "model": undefined,
          "name": undefined,
          "passengers": undefined,
          "toggleFavorites": undefined,
          "vehicleClass": undefined,
        },
        "ref": null,
        "rendered": null,
        "type": [Function],
      },
    ],
    "type": "div",
  },
  Symbol(enzyme.__nodes__): Array [
    Object {
      "instance": null,
      "key": undefined,
      "nodeType": "host",
      "props": Object {
        "children": Array [
          <VehicleCard
            model={undefined}
            name={undefined}
            passengers={undefined}
            toggleFavorites={undefined}
            vehicleClass={undefined}
/>,
        ],
        "className": "card-container",
      },
      "ref": null,
      "rendered": Array [
        Object {
          "instance": null,
          "key": "NaN",
          "nodeType": "function",
          "props": Object {
            "model": undefined,
            "name": undefined,
            "passengers": undefined,
            "toggleFavorites": undefined,
            "vehicleClass": undefined,
          },
          "ref": null,
          "rendered": null,
          "type": [Function],
        },
      ],
      "type": "div",
    },
  ],
  Symbol(enzyme.__options__): Object {
    "adapter": ReactSixteenAdapter {
      "options": Object {
        "enableComponentDidUpdateOnSetState": true,
      },
    },
  },
}
`;
