// Jest Snapshot v1, https://goo.gl/fbAQLP

exports[`PlanetCard should match the snapshot 1`] = `
ShallowWrapper {
  "length": 1,
  Symbol(enzyme.__root__): [Circular],
  Symbol(enzyme.__unrendered__): <PlanetCard />,
  Symbol(enzyme.__renderer__): Object {
    "batchedUpdates": [Function],
    "getNode": [Function],
    "render": [Function],
    "simulateEvent": [Function],
    "unmount": [Function],
  },
  Symbol(enzyme.__node__): Object {
    "instance": null,
    "key": undefined,
    "nodeType": "host",
    "props": Object {
      "children": Array [
        <h1
          className="planet-name"
/>,
        <p
          className="planet-terrain"
>
          terrain: 
</p>,
        <p
          className="planet-population"
>
          population: 
</p>,
        <p
          className="planet-climate"
>
          climate: 
</p>,
        <p
          className="planet-residents"
>
          residents: 
</p>,
        <button
          className="button"
          onClick={[Function]}
>
          Favorite
</button>,
      ],
      "className": "planet",
    },
    "ref": null,
    "rendered": Array [
      Object {
        "instance": null,
        "key": undefined,
        "nodeType": "host",
        "props": Object {
          "children": undefined,
          "className": "planet-name",
        },
        "ref": null,
        "rendered": null,
        "type": "h1",
      },
      Object {
        "instance": null,
        "key": undefined,
        "nodeType": "host",
        "props": Object {
          "children": Array [
            "terrain: ",
            undefined,
          ],
          "className": "planet-terrain",
        },
        "ref": null,
        "rendered": Array [
          "terrain: ",
          undefined,
        ],
        "type": "p",
      },
      Object {
        "instance": null,
        "key": undefined,
        "nodeType": "host",
        "props": Object {
          "children": Array [
            "population: ",
            undefined,
          ],
          "className": "planet-population",
        },
        "ref": null,
        "rendered": Array [
          "population: ",
          undefined,
        ],
        "type": "p",
      },
      Object {
        "instance": null,
        "key": undefined,
        "nodeType": "host",
        "props": Object {
          "children": Array [
            "climate: ",
            undefined,
          ],
          "className": "planet-climate",
        },
        "ref": null,
        "rendered": Array [
          "climate: ",
          undefined,
        ],
        "type": "p",
      },
      Object {
        "instance": null,
        "key": undefined,
        "nodeType": "host",
        "props": Object {
          "children": Array [
            "residents: ",
            undefined,
          ],
          "className": "planet-residents",
        },
        "ref": null,
        "rendered": Array [
          "residents: ",
          undefined,
        ],
        "type": "p",
      },
      Object {
        "instance": null,
        "key": undefined,
        "nodeType": "host",
        "props": Object {
          "children": "Favorite",
          "className": "button",
          "onClick": [Function],
        },
        "ref": null,
        "rendered": "Favorite",
        "type": "button",
      },
    ],
    "type": "div",
  },
  Symbol(enzyme.__nodes__): Array [
    Object {
      "instance": null,
      "key": undefined,
      "nodeType": "host",
      "props": Object {
        "children": Array [
          <h1
            className="planet-name"
/>,
          <p
            className="planet-terrain"
>
            terrain: 
</p>,
          <p
            className="planet-population"
>
            population: 
</p>,
          <p
            className="planet-climate"
>
            climate: 
</p>,
          <p
            className="planet-residents"
>
            residents: 
</p>,
          <button
            className="button"
            onClick={[Function]}
>
            Favorite
</button>,
        ],
        "className": "planet",
      },
      "ref": null,
      "rendered": Array [
        Object {
          "instance": null,
          "key": undefined,
          "nodeType": "host",
          "props": Object {
            "children": undefined,
            "className": "planet-name",
          },
          "ref": null,
          "rendered": null,
          "type": "h1",
        },
        Object {
          "instance": null,
          "key": undefined,
          "nodeType": "host",
          "props": Object {
            "children": Array [
              "terrain: ",
              undefined,
            ],
            "className": "planet-terrain",
          },
          "ref": null,
          "rendered": Array [
            "terrain: ",
            undefined,
          ],
          "type": "p",
        },
        Object {
          "instance": null,
          "key": undefined,
          "nodeType": "host",
          "props": Object {
            "children": Array [
              "population: ",
              undefined,
            ],
            "className": "planet-population",
          },
          "ref": null,
          "rendered": Array [
            "population: ",
            undefined,
          ],
          "type": "p",
        },
        Object {
          "instance": null,
          "key": undefined,
          "nodeType": "host",
          "props": Object {
            "children": Array [
              "climate: ",
              undefined,
            ],
            "className": "planet-climate",
          },
          "ref": null,
          "rendered": Array [
            "climate: ",
            undefined,
          ],
          "type": "p",
        },
        Object {
          "instance": null,
          "key": undefined,
          "nodeType": "host",
          "props": Object {
            "children": Array [
              "residents: ",
              undefined,
            ],
            "className": "planet-residents",
          },
          "ref": null,
          "rendered": Array [
            "residents: ",
            undefined,
          ],
          "type": "p",
        },
        Object {
          "instance": null,
          "key": undefined,
          "nodeType": "host",
          "props": Object {
            "children": "Favorite",
            "className": "button",
            "onClick": [Function],
          },
          "ref": null,
          "rendered": "Favorite",
          "type": "button",
        },
      ],
      "type": "div",
    },
  ],
  Symbol(enzyme.__options__): Object {
    "adapter": ReactSixteenAdapter {
      "options": Object {
        "enableComponentDidUpdateOnSetState": true,
      },
    },
  },
}
`;
